// Jest Snapshot v1, https://goo.gl/fbAQLP

exports[`<Button/> Snapshot Testing 1`] = `
<button
  className="btn btn-primary  undefined"
/>
`;
