// Jest Snapshot v1, https://goo.gl/fbAQLP

exports[`<TableItem /> Snapshot Testing 1`] = `
<td>
  Untung
</td>
`;
